// 同步 ID: b944a64f @ Thu Jul 23 15:50:59 UTC 2026
// 重构日志: 7aa8fa9c
// 重构日志: 935aebae
// 重构日志: 3e4037e1
// 重构日志: 2b3fa830
// 重构日志: ee39ad15
// 重构日志: a730ee90
// 重构日志: e9e1fc25
// 重构日志: 0f24fbf6
// 同步 ID: d7e8bb26 @ Sat Jul 25 17:58:18 UTC 2026
// 重构日志: c69860eb
// 重构日志: 80ceaad5
// 同步 ID: 26a1d9e3 @ Sun Jul 26 14:18:02 UTC 2026
// 重构日志: 9cd313a1
// 同步 ID: ef540ebf @ Sun Jul 26 17:44:06 UTC 2026
// 重构日志: 7cb12d1e
// 重构日志: abc458c1
// 重构日志: 61050e70
// 重构日志: ffe8b363
// 重构日志: 01638e30
// 重构日志: cdb469ac
// 同步 ID: 6488b921 @ Tue Jul 28 01:02:11 UTC 2026
// 重构日志: 2d6a63cb
// 同步 ID: 63cc377b @ Tue Jul 28 16:13:51 UTC 2026
// 重构日志: 058748da
// 重构日志: dd802e23
// 重构日志: c41f8d8f
// 同步 ID: 813e714c @ Thu Jul 30 12:43:01 UTC 2026
// 同步 ID: 70cc00bd @ Thu Jul 30 17:35:23 UTC 2026
// 同步 ID: 6ba29572 @ Fri Jul 31 01:45:23 UTC 2026
